// Vitest Snapshot v1, https://vitest.dev/guide/snapshot.html

exports[`tracker replay of test/fixtures/replay/nhl-sample.jsonl > produces the expected snapshot sequence, one game_snapshots row per line, and the archived timeline 1`] = `
[
  {
    "blocked": false,
    "clock": {
      "regulationOver": false,
    },
    "observedAt": "2026-10-15T02:00:00.000Z",
    "phase": "scheduled",
    "score": "0-0",
    "source": "kalshi-live",
  },
  {
    "blocked": false,
    "clock": {
      "minute": 0,
      "minuteSource": "feed",
      "period": 1,
      "regulationOver": false,
      "secondsLeftInPeriod": 1200,
    },
    "observedAt": "2026-10-15T02:01:30.000Z",
    "phase": "live",
    "score": "0-0",
    "source": "kalshi-live",
  },
  {
    "blocked": false,
    "clock": {
      "minute": 8,
      "minuteSource": "feed",
      "period": 1,
      "regulationOver": false,
      "secondsLeftInPeriod": 720,
    },
    "observedAt": "2026-10-15T02:03:00.000Z",
    "phase": "live",
    "score": "0-0",
    "source": "kalshi-live",
  },
  {
    "blocked": false,
    "clock": {
      "minute": 11,
      "minuteSource": "feed",
      "period": 1,
      "regulationOver": false,
      "secondsLeftInPeriod": 495,
    },
    "observedAt": "2026-10-15T02:04:30.000Z",
    "phase": "live",
    "score": "1-0",
    "source": "kalshi-live",
  },
  {
    "blocked": false,
    "clock": {
      "minute": 20,
      "minuteSource": "feed",
      "period": 1,
      "regulationOver": false,
      "secondsLeftInPeriod": 0,
    },
    "observedAt": "2026-10-15T02:06:00.000Z",
    "phase": "intermission",
    "score": "1-0",
    "source": "kalshi-live",
  },
  {
    "blocked": false,
    "clock": {
      "minute": 20,
      "minuteSource": "feed",
      "period": 2,
      "regulationOver": false,
      "secondsLeftInPeriod": 1200,
    },
    "observedAt": "2026-10-15T02:07:30.000Z",
    "phase": "live",
    "score": "1-0",
    "source": "kalshi-live",
  },
  {
    "blocked": false,
    "clock": {
      "minute": 27,
      "minuteSource": "feed",
      "period": 2,
      "regulationOver": false,
      "secondsLeftInPeriod": 754,
    },
    "observedAt": "2026-10-15T02:09:00.000Z",
    "phase": "live",
    "score": "1-1",
    "source": "kalshi-live",
  },
  {
    "blocked": false,
    "clock": {
      "minute": 41,
      "minuteSource": "feed",
      "period": 3,
      "regulationOver": false,
      "secondsLeftInPeriod": 1120,
    },
    "observedAt": "2026-10-15T02:10:30.000Z",
    "phase": "live",
    "score": "1-1",
    "source": "kalshi-live",
  },
  {
    "blocked": false,
    "clock": {
      "minute": 55,
      "minuteSource": "feed",
      "period": 3,
      "regulationOver": false,
      "secondsLeftInPeriod": 300,
    },
    "observedAt": "2026-10-15T02:12:00.000Z",
    "phase": "live",
    "score": "2-1",
    "source": "kalshi-live",
  },
  {
    "blocked": false,
    "clock": {
      "minute": 59,
      "minuteSource": "feed",
      "period": 3,
      "regulationOver": false,
      "secondsLeftInPeriod": 60,
    },
    "observedAt": "2026-10-15T02:13:30.000Z",
    "phase": "live",
    "score": "2-1",
    "source": "kalshi-live",
  },
  {
    "blocked": false,
    "clock": {
      "minute": 60,
      "minuteSource": "feed",
      "period": 3,
      "regulationOver": true,
    },
    "observedAt": "2026-10-15T02:15:00.000Z",
    "phase": "finished",
    "score": "2-1",
    "source": "kalshi-live",
  },
]
`;
